[2025-11-23T05:03:48.942Z] [fetchUserInsights] Running analyst for owner 2... 
[2025-11-23T05:04:00.661Z] [fetchUserInsights] Analyst result: {"status":"error","totalTransactions":5,"analyzedTransactions":0,"insightsGenerated":0,"insightsSuperseded":0,"insightsUpdated":0,"newInsightsAvailable":false,"message":"Analysis failed: \nInvalid `prisma.habit_processing_cursors.upsert()` invocation:\n\n\nThe table `public.habit_processing_cursors` does not exist in the current database.","cursor":null,"error":{"code":"P2021","meta":{"modelName":"habit_processing_cursors","table":"public.habit_processing_cursors"},"clientVersion":"6.18.0","name":"PrismaClientKnownRequestError"}}
[2025-11-23T05:07:09.566Z] [fetchUserInsights] Running analyst for owner 2... 
[2025-11-23T05:07:19.502Z] [fetchUserInsights] Analyst result: {"status":"error","totalTransactions":5,"analyzedTransactions":0,"insightsGenerated":0,"insightsSuperseded":0,"insightsUpdated":0,"newInsightsAvailable":false,"message":"Analysis failed: Language model output did not match the expected Habit Label/Evidence/Counsel structure.","cursor":null,"error":{}}
[2025-11-23T05:09:00.958Z] [fetchUserInsights] Running analyst for owner 2... 
[2025-11-23T05:09:11.992Z] [fetchUserInsights] Analyst result: {"status":"success","totalTransactions":5,"analyzedTransactions":5,"insightsGenerated":0,"insightsSuperseded":0,"insightsUpdated":0,"newInsightsAvailable":false,"message":"Analyzed 5 transactions, generated 0 insights","cursor":{"owner":2,"lastTransactionAt":"2025-11-23T05:08:55.703Z","lastRunAt":"2025-11-23T05:09:11.992Z","lastTrigger":"chatur","lastAnalysisVersion":1}}
[2025-11-23T05:10:33.636Z] [fetchUserInsights] Running analyst for owner 2... 
[2025-11-23T05:10:45.156Z] [fetchUserInsights] Analyst result: {"status":"success","totalTransactions":5,"analyzedTransactions":5,"insightsGenerated":0,"insightsSuperseded":0,"insightsUpdated":0,"newInsightsAvailable":false,"message":"Analyzed 5 transactions, generated 0 insights","cursor":{"owner":2,"lastTransactionAt":"2025-11-23T05:10:29.804Z","lastRunAt":"2025-11-23T05:10:45.155Z","lastTrigger":"chatur","lastAnalysisVersion":1}}
[2025-11-23T05:11:40.316Z] [fetchUserInsights] Running analyst for owner 2... 
[2025-11-23T05:11:51.345Z] [fetchUserInsights] Analyst result: {"status":"success","totalTransactions":9,"analyzedTransactions":9,"insightsGenerated":0,"insightsSuperseded":0,"insightsUpdated":0,"newInsightsAvailable":false,"message":"Analyzed 9 transactions, generated 0 insights","cursor":{"owner":2,"lastTransactionAt":"2025-11-23T05:11:39.956Z","lastRunAt":"2025-11-23T05:11:51.345Z","lastTrigger":"chatur","lastAnalysisVersion":1}}
[2025-11-23T05:11:56.357Z] [fetchUserInsights] Running analyst for owner 2... 
[2025-11-23T05:12:10.240Z] [fetchUserInsights] Analyst result: {"status":"success","totalTransactions":9,"analyzedTransactions":9,"insightsGenerated":0,"insightsSuperseded":0,"insightsUpdated":0,"newInsightsAvailable":false,"message":"Analyzed 9 transactions, generated 0 insights","cursor":{"owner":2,"lastTransactionAt":"2025-11-23T05:11:39.956Z","lastRunAt":"2025-11-23T05:12:10.240Z","lastTrigger":"chatur","lastAnalysisVersion":1}}
[2025-11-23T05:12:14.933Z] [fetchUserInsights] Running analyst for owner 2... 
[2025-11-23T05:12:28.476Z] [fetchUserInsights] Analyst result: {"status":"success","totalTransactions":9,"analyzedTransactions":9,"insightsGenerated":0,"insightsSuperseded":0,"insightsUpdated":0,"newInsightsAvailable":false,"message":"Analyzed 9 transactions, generated 0 insights","cursor":{"owner":2,"lastTransactionAt":"2025-11-23T05:11:39.956Z","lastRunAt":"2025-11-23T05:12:28.476Z","lastTrigger":"chatur","lastAnalysisVersion":1}}
[2025-11-23T05:13:17.168Z] [fetchUserInsights] Running analyst for owner 2... 
[2025-11-23T05:13:28.960Z] [fetchUserInsights] Analyst result: {"status":"success","totalTransactions":14,"analyzedTransactions":14,"insightsGenerated":0,"insightsSuperseded":0,"insightsUpdated":0,"newInsightsAvailable":false,"message":"Analyzed 14 transactions, generated 0 insights","cursor":{"owner":2,"lastTransactionAt":"2025-11-23T05:13:14.058Z","lastRunAt":"2025-11-23T05:13:28.960Z","lastTrigger":"chatur","lastAnalysisVersion":1}}
[2025-11-23T05:13:38.449Z] [fetchUserInsights] Running analyst for owner 2... 
[2025-11-23T05:13:50.669Z] [fetchUserInsights] Analyst result: {"status":"success","totalTransactions":14,"analyzedTransactions":14,"insightsGenerated":0,"insightsSuperseded":0,"insightsUpdated":0,"newInsightsAvailable":false,"message":"Analyzed 14 transactions, generated 0 insights","cursor":{"owner":2,"lastTransactionAt":"2025-11-23T05:13:14.058Z","lastRunAt":"2025-11-23T05:13:50.669Z","lastTrigger":"chatur","lastAnalysisVersion":1}}
[2025-11-24T05:58:38.570Z] [fetchUserInsights] Running analyst for owner 2... 
[2025-11-24T05:58:53.329Z] [fetchUserInsights] Analyst result: {"status":"success","totalTransactions":9,"analyzedTransactions":9,"insightsGenerated":0,"insightsSuperseded":0,"insightsUpdated":0,"newInsightsAvailable":false,"message":"Analyzed 9 transactions, generated 0 insights","cursor":{"owner":2,"lastTransactionAt":"2025-11-24T05:58:33.493Z","lastRunAt":"2025-11-24T05:58:53.329Z","lastTrigger":"chatur","lastAnalysisVersion":1}}
[2025-11-24T05:59:02.807Z] [fetchUserInsights] Running analyst for owner 2... 
[2025-11-24T05:59:15.392Z] [fetchUserInsights] Analyst result: {"status":"success","totalTransactions":9,"analyzedTransactions":9,"insightsGenerated":0,"insightsSuperseded":0,"insightsUpdated":0,"newInsightsAvailable":false,"message":"Analyzed 9 transactions, generated 0 insights","cursor":{"owner":2,"lastTransactionAt":"2025-11-24T05:58:33.493Z","lastRunAt":"2025-11-24T05:59:15.392Z","lastTrigger":"chatur","lastAnalysisVersion":1}}
[2025-11-24T06:08:56.475Z] [fetchUserInsights] Running analyst for owner 2... 
[2025-11-24T06:09:10.457Z] [fetchUserInsights] Analyst result: {"status":"success","totalTransactions":9,"analyzedTransactions":9,"insightsGenerated":0,"insightsSuperseded":0,"insightsUpdated":0,"newInsightsAvailable":false,"message":"Analyzed 9 transactions, generated 0 insights","cursor":{"owner":2,"lastTransactionAt":"2025-11-24T06:08:52.045Z","lastRunAt":"2025-11-24T06:09:10.457Z","lastTrigger":"chatur","lastAnalysisVersion":1}}
[2025-11-24T06:09:17.161Z] [fetchUserInsights] Running analyst for owner 2... 
[2025-11-24T06:09:28.173Z] [fetchUserInsights] Analyst result: {"status":"success","totalTransactions":9,"analyzedTransactions":9,"insightsGenerated":0,"insightsSuperseded":0,"insightsUpdated":0,"newInsightsAvailable":false,"message":"Analyzed 9 transactions, generated 0 insights","cursor":{"owner":2,"lastTransactionAt":"2025-11-24T06:08:52.045Z","lastRunAt":"2025-11-24T06:09:28.173Z","lastTrigger":"chatur","lastAnalysisVersion":1}}
[2025-11-24T06:14:53.614Z] [fetchUserInsights] Running analyst for owner 2... 
[2025-11-24T06:15:09.714Z] [fetchUserInsights] Analyst result: {"status":"success","totalTransactions":9,"analyzedTransactions":9,"insightsGenerated":0,"insightsSuperseded":0,"insightsUpdated":0,"newInsightsAvailable":false,"message":"Analyzed 9 transactions, generated 0 insights","cursor":{"owner":2,"lastTransactionAt":"2025-11-24T06:14:44.777Z","lastRunAt":"2025-11-24T06:15:09.714Z","lastTrigger":"chatur","lastAnalysisVersion":1}}
[2025-11-24T06:15:19.308Z] [fetchUserInsights] Running analyst for owner 2... 
[2025-11-24T06:15:29.964Z] [fetchUserInsights] Analyst result: {"status":"success","totalTransactions":9,"analyzedTransactions":9,"insightsGenerated":0,"insightsSuperseded":0,"insightsUpdated":0,"newInsightsAvailable":false,"message":"Analyzed 9 transactions, generated 0 insights","cursor":{"owner":2,"lastTransactionAt":"2025-11-24T06:14:44.777Z","lastRunAt":"2025-11-24T06:15:29.964Z","lastTrigger":"chatur","lastAnalysisVersion":1}}
[2025-11-24T06:16:46.673Z] [fetchUserInsights] Running analyst for owner 2... 
[2025-11-24T06:17:01.304Z] [fetchUserInsights] Analyst result: {"status":"success","totalTransactions":9,"analyzedTransactions":9,"insightsGenerated":0,"insightsSuperseded":0,"insightsUpdated":0,"newInsightsAvailable":false,"message":"Analyzed 9 transactions, generated 0 insights","cursor":{"owner":2,"lastTransactionAt":"2025-11-24T06:16:40.656Z","lastRunAt":"2025-11-24T06:17:01.304Z","lastTrigger":"chatur","lastAnalysisVersion":1}}
[2025-11-24T06:17:10.327Z] [fetchUserInsights] Running analyst for owner 2... 
[2025-11-24T06:17:23.192Z] [fetchUserInsights] Analyst result: {"status":"success","totalTransactions":9,"analyzedTransactions":9,"insightsGenerated":0,"insightsSuperseded":0,"insightsUpdated":0,"newInsightsAvailable":false,"message":"Analyzed 9 transactions, generated 0 insights","cursor":{"owner":2,"lastTransactionAt":"2025-11-24T06:16:40.656Z","lastRunAt":"2025-11-24T06:17:23.192Z","lastTrigger":"chatur","lastAnalysisVersion":1}}
[2025-11-24T06:30:56.299Z] [fetchUserInsights] Running analyst for owner 2... 
[2025-11-24T06:31:10.187Z] [fetchUserInsights] Analyst result: {"status":"success","totalTransactions":9,"analyzedTransactions":9,"insightsGenerated":0,"insightsSuperseded":0,"insightsUpdated":0,"newInsightsAvailable":false,"message":"Analyzed 9 transactions, generated 0 insights","cursor":{"owner":2,"lastTransactionAt":"2025-11-24T06:30:43.164Z","lastRunAt":"2025-11-24T06:31:10.187Z","lastTrigger":"chatur","lastAnalysisVersion":1}}
[2025-11-24T06:31:20.852Z] [fetchUserInsights] Running analyst for owner 2... 
[2025-11-24T06:31:31.676Z] [fetchUserInsights] Analyst result: {"status":"success","totalTransactions":9,"analyzedTransactions":9,"insightsGenerated":0,"insightsSuperseded":0,"insightsUpdated":0,"newInsightsAvailable":false,"message":"Analyzed 9 transactions, generated 0 insights","cursor":{"owner":2,"lastTransactionAt":"2025-11-24T06:30:43.164Z","lastRunAt":"2025-11-24T06:31:31.676Z","lastTrigger":"chatur","lastAnalysisVersion":1}}
[2025-11-24T06:35:06.861Z] [fetchUserInsights] Running analyst for owner 2... 
[2025-11-24T06:35:19.670Z] [fetchUserInsights] Analyst result: {"status":"success","totalTransactions":9,"analyzedTransactions":9,"insightsGenerated":0,"insightsSuperseded":0,"insightsUpdated":0,"newInsightsAvailable":false,"message":"Analyzed 9 transactions, generated 0 insights","cursor":{"owner":2,"lastTransactionAt":"2025-11-24T06:34:59.559Z","lastRunAt":"2025-11-24T06:35:19.670Z","lastTrigger":"chatur","lastAnalysisVersion":1}}
[2025-11-24T06:35:31.339Z] [fetchUserInsights] Running analyst for owner 2... 
[2025-11-24T06:35:42.294Z] [fetchUserInsights] Analyst result: {"status":"success","totalTransactions":9,"analyzedTransactions":9,"insightsGenerated":0,"insightsSuperseded":0,"insightsUpdated":0,"newInsightsAvailable":false,"message":"Analyzed 9 transactions, generated 0 insights","cursor":{"owner":2,"lastTransactionAt":"2025-11-24T06:34:59.559Z","lastRunAt":"2025-11-24T06:35:42.294Z","lastTrigger":"chatur","lastAnalysisVersion":1}}
[2025-11-24T06:46:45.522Z] [fetchUserInsights] Running analyst for owner 2... 
[2025-11-24T06:46:57.754Z] [fetchUserInsights] Analyst result: {"status":"success","totalTransactions":4,"analyzedTransactions":4,"insightsGenerated":0,"insightsSuperseded":0,"insightsUpdated":0,"newInsightsAvailable":false,"message":"Analyzed 4 transactions, generated 0 insights","cursor":{"owner":2,"lastTransactionAt":"2025-11-22T19:02:13.574Z","lastRunAt":"2025-11-24T06:46:57.754Z","lastTrigger":"chatur","lastAnalysisVersion":1}}
[2025-11-24T06:46:59.416Z] [fetchUserInsights] Running analyst for owner 2... 
[2025-11-24T06:47:10.016Z] [fetchUserInsights] Analyst result: {"status":"success","totalTransactions":4,"analyzedTransactions":4,"insightsGenerated":0,"insightsSuperseded":0,"insightsUpdated":0,"newInsightsAvailable":false,"message":"Analyzed 4 transactions, generated 0 insights","cursor":{"owner":2,"lastTransactionAt":"2025-11-22T19:02:13.574Z","lastRunAt":"2025-11-24T06:47:10.016Z","lastTrigger":"chatur","lastAnalysisVersion":1}}
[2025-11-24T06:47:11.057Z] [fetchUserInsights] Running analyst for owner 2... 
[2025-11-24T06:47:24.792Z] [fetchUserInsights] Analyst result: {"status":"success","totalTransactions":4,"analyzedTransactions":4,"insightsGenerated":0,"insightsSuperseded":0,"insightsUpdated":0,"newInsightsAvailable":false,"message":"Analyzed 4 transactions, generated 0 insights","cursor":{"owner":2,"lastTransactionAt":"2025-11-22T19:02:13.574Z","lastRunAt":"2025-11-24T06:47:24.792Z","lastTrigger":"chatur","lastAnalysisVersion":1}}
[2025-11-24T06:47:26.146Z] [fetchUserInsights] Running analyst for owner 2... 
[2025-11-24T06:47:40.650Z] [fetchUserInsights] Analyst result: {"status":"success","totalTransactions":4,"analyzedTransactions":4,"insightsGenerated":0,"insightsSuperseded":0,"insightsUpdated":0,"newInsightsAvailable":false,"message":"Analyzed 4 transactions, generated 0 insights","cursor":{"owner":2,"lastTransactionAt":"2025-11-22T19:02:13.574Z","lastRunAt":"2025-11-24T06:47:40.650Z","lastTrigger":"chatur","lastAnalysisVersion":1}}
[2025-11-24T07:03:46.667Z] logTransaction: created transaction {"ownerId":2,"amount":250,"description":"groceries"}
[2025-11-24T07:42:54.097Z] processAgentMessage: runDevPipeline result {"status":"logged","normalized":{"id":"f041f379-0377-4de2-9a63-910f22aeb722","recordedAt":"2025-11-24T07:42:53.583Z","eventDate":"2025-11-24","direction":"expense","amount":250,"currency":"INR","category":"Food & Groceries","flavor":"necessity","description":"groceries","rawText":"I spent 250 rupees on groceries today","tags":["expense","necessity","food-groceries"],"structuredSummary":"spent INR 250 for groceries (Food & Groceries) on 2025-11-24 (necessity).","meta":{"source":"mill-chat","heuristics":["time: matched 'today' phrase"],"rawCategorySuggestion":"Food & Groceries","parsedTemporalPhrase":"today"}},"metadata":{"transactionId":"f041f379-0377-4de2-9a63-910f22aeb722","recordedAt":"2025-11-24T07:42:53.583Z","amount":250,"currency":"INR","direction":"expense","category":"Food & Groceries","flavor":"necessity","tags":["expense","necessity","food-groceries"],"description":"groceries","eventDate":"2025-11-24"}}
[2025-11-24T07:42:58.024Z] processAgentMessage: runDevPipeline result {"status":"logged","normalized":{"id":"161b50c9-06d9-43f8-a7f2-f0af3832bd4d","recordedAt":"2025-11-24T07:42:57.803Z","eventDate":"2025-11-24","direction":"expense","amount":1000000000,"currency":"INR","category":"Food & Groceries","flavor":"luxury","description":"coffee","rawText":"I spent 1000000000 rupees on a coffee today","tags":["expense","luxury","food-groceries"],"structuredSummary":"spent INR 1000000000 for coffee (Food & Groceries) on 2025-11-24 (luxury).","meta":{"source":"mill-chat","heuristics":["time: matched 'today' phrase"],"rawCategorySuggestion":"Food & Groceries","parsedTemporalPhrase":"today"}},"metadata":{"transactionId":"161b50c9-06d9-43f8-a7f2-f0af3832bd4d","recordedAt":"2025-11-24T07:42:57.803Z","amount":1000000000,"currency":"INR","direction":"expense","category":"Food & Groceries","flavor":"luxury","tags":["expense","luxury","food-groceries"],"description":"coffee","eventDate":"2025-11-24"}}
[2025-11-24T07:52:58.025Z] processAgentMessage: runDevPipeline result {"status":"logged","normalized":{"id":"b2c18fba-597c-4bb3-8b57-2cc526c3b562","recordedAt":"2025-11-24T07:52:57.445Z","eventDate":"2025-11-24","direction":"expense","amount":250,"currency":"INR","category":"Food & Groceries","flavor":"necessity","description":"groceries","rawText":"I spent 250 rupees on groceries today","tags":["expense","necessity","food-groceries"],"structuredSummary":"spent INR 250 for groceries (Food & Groceries) on 2025-11-24 (necessity).","meta":{"source":"mill-chat","heuristics":["time: matched 'today' phrase"],"rawCategorySuggestion":"Food & Groceries","parsedTemporalPhrase":"today"}},"metadata":{"transactionId":"b2c18fba-597c-4bb3-8b57-2cc526c3b562","recordedAt":"2025-11-24T07:52:57.445Z","amount":250,"currency":"INR","direction":"expense","category":"Food & Groceries","flavor":"necessity","tags":["expense","necessity","food-groceries"],"description":"groceries","eventDate":"2025-11-24"}}
[2025-11-24T07:53:02.213Z] processAgentMessage: runDevPipeline result {"status":"logged","normalized":{"id":"639c4b4c-6873-470c-b01f-f299de9f29a3","recordedAt":"2025-11-24T07:53:02.009Z","eventDate":"2025-11-24","direction":"expense","amount":1000000000,"currency":"INR","category":"Food & Groceries","flavor":"luxury","description":"coffee","rawText":"I spent 1000000000 rupees on a coffee today","tags":["expense","luxury","food-groceries"],"structuredSummary":"spent INR 1000000000 for coffee (Food & Groceries) on 2025-11-24 (luxury).","meta":{"source":"mill-chat","heuristics":["time: matched 'today' phrase"],"rawCategorySuggestion":"Food & Groceries","parsedTemporalPhrase":"today"}},"metadata":{"transactionId":"639c4b4c-6873-470c-b01f-f299de9f29a3","recordedAt":"2025-11-24T07:53:02.009Z","amount":1000000000,"currency":"INR","direction":"expense","category":"Food & Groceries","flavor":"luxury","tags":["expense","luxury","food-groceries"],"description":"coffee","eventDate":"2025-11-24"}}
[2025-11-24T08:26:43.848Z] processAgentMessage: runDevPipeline result {"status":"logged","normalized":{"id":"676bd54e-d4fe-47e7-9d3e-b4663394c6f3","recordedAt":"2025-11-24T08:26:27.140Z","eventDate":"2025-11-24","direction":"expense","amount":250,"currency":"INR","category":"Food & Groceries","flavor":"necessity","description":"groceries","rawText":"I spent 250 rupees on groceries today","tags":["expense","necessity","food-groceries"],"structuredSummary":"spent INR 250 for groceries (Food & Groceries) on 2025-11-24 (necessity).","meta":{"source":"mill-chat","heuristics":["time: matched 'today' phrase"],"rawCategorySuggestion":"Food & Groceries","parsedTemporalPhrase":"today"}},"metadata":{"transactionId":"676bd54e-d4fe-47e7-9d3e-b4663394c6f3","recordedAt":"2025-11-24T08:26:27.140Z","amount":250,"currency":"INR","direction":"expense","category":"Food & Groceries","flavor":"necessity","tags":["expense","necessity","food-groceries"],"description":"groceries","eventDate":"2025-11-24"}}
[2025-11-24T08:27:04.570Z] processAgentMessage: runDevPipeline result {"status":"logged","normalized":{"id":"b4dc94c0-74dc-499b-a602-e5cf09437626","recordedAt":"2025-11-24T08:26:47.383Z","eventDate":"2025-11-24","direction":"expense","amount":1000000000,"currency":"INR","category":"Food & Groceries","flavor":"luxury","description":"coffee","rawText":"I spent 1000000000 rupees on a coffee today","tags":["expense","luxury","food-groceries"],"structuredSummary":"spent INR 1000000000 for coffee (Food & Groceries) on 2025-11-24 (luxury).","meta":{"source":"mill-chat","heuristics":["time: matched 'today' phrase"],"rawCategorySuggestion":"Food & Groceries","parsedTemporalPhrase":"today"}},"metadata":{"transactionId":"b4dc94c0-74dc-499b-a602-e5cf09437626","recordedAt":"2025-11-24T08:26:47.383Z","amount":1000000000,"currency":"INR","direction":"expense","category":"Food & Groceries","flavor":"luxury","tags":["expense","luxury","food-groceries"],"description":"coffee","eventDate":"2025-11-24"}}
[2025-11-24T08:57:10.194Z] processAgentMessage: runDevPipeline result {"status":"logged","normalized":{"id":"faec0028-b273-48b1-a629-9fcb0f6d7f69","recordedAt":"2025-11-24T08:56:54.503Z","eventDate":"2025-11-24","direction":"expense","amount":250,"currency":"INR","category":"Food & Groceries","flavor":"necessity","description":"groceries","rawText":"I spent 250 rupees on groceries today","tags":["expense","necessity","food-groceries"],"structuredSummary":"spent INR 250 for groceries (Food & Groceries) on 2025-11-24 (necessity).","meta":{"source":"mill-chat","heuristics":["time: matched 'today' phrase"],"rawCategorySuggestion":"Food & Groceries","parsedTemporalPhrase":"today"}},"metadata":{"transactionId":"faec0028-b273-48b1-a629-9fcb0f6d7f69","recordedAt":"2025-11-24T08:56:54.503Z","amount":250,"currency":"INR","direction":"expense","category":"Food & Groceries","flavor":"necessity","tags":["expense","necessity","food-groceries"],"description":"groceries","eventDate":"2025-11-24"}}
[2025-11-24T08:57:36.865Z] processAgentMessage: runDevPipeline result {"status":"logged","normalized":{"id":"c32d8f0e-5678-49a4-bda6-511f7e1d67b4","recordedAt":"2025-11-24T08:57:13.610Z","eventDate":"2025-11-24","direction":"expense","amount":1000000000,"currency":"INR","category":"Food & Groceries","flavor":"luxury","description":"coffee","rawText":"I spent 1000000000 rupees on a coffee today","tags":["expense","luxury","food-groceries"],"structuredSummary":"spent INR 1000000000 for coffee (Food & Groceries) on 2025-11-24 (luxury).","meta":{"source":"mill-chat","heuristics":["time: matched 'today' phrase"],"rawCategorySuggestion":"Food & Groceries","parsedTemporalPhrase":"today"}},"metadata":{"transactionId":"c32d8f0e-5678-49a4-bda6-511f7e1d67b4","recordedAt":"2025-11-24T08:57:13.610Z","amount":1000000000,"currency":"INR","direction":"expense","category":"Food & Groceries","flavor":"luxury","tags":["expense","luxury","food-groceries"],"description":"coffee","eventDate":"2025-11-24"}}
[2025-11-24T18:26:04.188Z] processAgentMessage: runDevPipeline result {"status":"logged","normalized":{"id":"28ffb033-38ad-4413-85ee-7c5cbb382cdf","recordedAt":"2025-11-24T18:25:29.177Z","eventDate":"2025-11-24","direction":"expense","amount":500,"currency":"INR","category":"Food & Groceries","flavor":"treat","description":"Starbucks via UPI","rawText":"Dev produced a draft from an incoming SMS (status: draft; confidence: high). It looks like INR 500 at Starbucks on an unknown date. Please ask the user to confirm and provide any missing details. Once the user confirms, persist the final transaction via Dev. Hey, I saw that Dev told me you had a transaction through UPI for INR 500 at Starbucks. Would you like to log that in with the message: 'Sent Rs.500 to Starbucks via UPI ref: TEST123'? Is that all, or can I get more data?","tags":["expense","treat","food-groceries"],"structuredSummary":"spent INR 500 for Starbucks via UPI (Food & Groceries) on 2025-11-24 (treat).","meta":{"source":"mill-chat","heuristics":["currency: detected INR glyph or token"],"rawCategorySuggestion":"Food & Groceries"}},"metadata":{"transactionId":"28ffb033-38ad-4413-85ee-7c5cbb382cdf","recordedAt":"2025-11-24T18:25:29.177Z","amount":500,"currency":"INR","direction":"expense","category":"Food & Groceries","flavor":"treat","tags":["expense","treat","food-groceries"],"description":"Starbucks via UPI","eventDate":"2025-11-24"}}
[2025-11-24T18:48:56.369Z] processAgentMessage: runDevPipeline result {"status":"logged","normalized":{"id":"8b191478-258c-4538-98de-039e34163eca","recordedAt":"2025-11-24T18:48:25.855Z","eventDate":"2025-11-25","direction":"expense","amount":500,"currency":"INR","category":"Food & Groceries","flavor":"treat","description":"Starbucks via UPI ref: TEST123","rawText":"Dev produced a draft from an incoming SMS (status: draft; confidence: high). It looks like INR 500 at Starbucks on an unknown date. Please ask the user to confirm and provide any missing details. Once the user confirms, persist the final transaction via Dev. Hey, I saw that Dev told me you had a transaction through UPI for INR 500 at Starbucks. Would you like to log that in with the message: 'Sent Rs.500 to Starbucks via UPI ref: TEST123'? Is that all, or can I get more data?","tags":["expense","treat","food-groceries"],"structuredSummary":"spent INR 500 for Starbucks via UPI ref: TEST123 (Food & Groceries) on 2025-11-25 (treat).","meta":{"source":"mill-chat","heuristics":["currency: detected INR glyph or token"],"rawCategorySuggestion":"Food & Groceries"}},"metadata":{"transactionId":"8b191478-258c-4538-98de-039e34163eca","recordedAt":"2025-11-24T18:48:25.855Z","amount":500,"currency":"INR","direction":"expense","category":"Food & Groceries","flavor":"treat","tags":["expense","treat","food-groceries"],"description":"Starbucks via UPI ref: TEST123","eventDate":"2025-11-25"}}
[2025-11-27T05:49:12.103Z] processAgentMessage: runDevPipeline result {"status":"logged","normalized":{"id":"0239a397-80fb-48c0-b64b-d5dc916bb1df","recordedAt":"2025-11-27T05:48:59.252Z","eventDate":"2025-11-27","direction":"expense","amount":900,"currency":"INR","category":"Subscriptions & Services","flavor":"treat","description":"msft india","rawText":"Spent 900 on msft india","tags":["expense","treat","subscriptions-services"],"structuredSummary":"spent INR 900 for msft india (Subscriptions & Services) on 2025-11-27 (treat).","meta":{"source":"mill-chat","heuristics":[],"rawCategorySuggestion":"Subscriptions & Services"}},"metadata":{"transactionId":"0239a397-80fb-48c0-b64b-d5dc916bb1df","recordedAt":"2025-11-27T05:48:59.252Z","amount":900,"currency":"INR","direction":"expense","category":"Subscriptions & Services","flavor":"treat","tags":["expense","treat","subscriptions-services"],"description":"msft india","eventDate":"2025-11-27"}}
[2025-11-27T10:53:13.158Z] processAgentMessage: runDevPipeline result {"status":"logged","normalized":{"id":"c7995784-3552-455c-8291-1d6b66642e71","recordedAt":"2025-11-27T10:53:00.114Z","eventDate":"2025-11-27","direction":"expense","amount":20,"currency":"INR","category":"Shopping & Lifestyle","flavor":"necessity","description":"cigarette","rawText":"Hello homie, log my 20rs, cigarette","tags":["expense","necessity","shopping-lifestyle"],"structuredSummary":"spent INR 20 for cigarette (Shopping & Lifestyle) on 2025-11-27 (necessity).","meta":{"source":"mill-chat","heuristics":[],"rawCategorySuggestion":"Shopping & Lifestyle"}},"metadata":{"transactionId":"c7995784-3552-455c-8291-1d6b66642e71","recordedAt":"2025-11-27T10:53:00.114Z","amount":20,"currency":"INR","direction":"expense","category":"Shopping & Lifestyle","flavor":"necessity","tags":["expense","necessity","shopping-lifestyle"],"description":"cigarette","eventDate":"2025-11-27"}}
[2025-11-28T17:41:52.991Z] [fetchUserInsights] Running analyst for owner 8... 
[2025-11-28T17:41:53.012Z] [fetchUserInsights] Analyst result: {"status":"skipped","totalTransactions":0,"analyzedTransactions":0,"insightsGenerated":0,"insightsSuperseded":0,"insightsUpdated":0,"newInsightsAvailable":false,"message":"No transactions available for analysis","cursor":null}
[2025-11-28T17:42:03.554Z] [fetchUserInsights] Running analyst for owner 8... 
[2025-11-28T17:42:03.564Z] [fetchUserInsights] Analyst result: {"status":"skipped","totalTransactions":0,"analyzedTransactions":0,"insightsGenerated":0,"insightsSuperseded":0,"insightsUpdated":0,"newInsightsAvailable":false,"message":"No transactions available for analysis","cursor":null}
[2025-11-28T17:42:49.102Z] [fetchUserInsights] Running analyst for owner 7... 
[2025-11-28T17:42:49.114Z] [fetchUserInsights] Analyst result: {"status":"skipped","totalTransactions":0,"analyzedTransactions":0,"insightsGenerated":0,"insightsSuperseded":0,"insightsUpdated":0,"newInsightsAvailable":false,"message":"No transactions available for analysis","cursor":null}
[2025-11-28T17:44:17.333Z] processAgentMessage: runDevPipeline result {"status":"logged","normalized":{"id":"229a38c0-93fd-42e6-9cb1-39a2ba3be93a","recordedAt":"2025-11-28T17:44:17.316Z","eventDate":"2025-11-28","direction":"expense","amount":100,"currency":"INR","category":"Food & Groceries","flavor":"treat","description":"coffee spend","rawText":"Log my ₹100 coffee spend.","tags":["expense","treat","food-groceries"],"structuredSummary":"spent INR 100 for coffee spend (Food & Groceries) on 2025-11-28 (treat).","meta":{"source":"mill-chat","heuristics":[],"rawCategorySuggestion":"Food & Groceries"}},"metadata":{"transactionId":"229a38c0-93fd-42e6-9cb1-39a2ba3be93a","recordedAt":"2025-11-28T17:44:17.316Z","amount":100,"currency":"INR","direction":"expense","category":"Food & Groceries","flavor":"treat","tags":["expense","treat","food-groceries"],"description":"coffee spend","eventDate":"2025-11-28"}}
[2025-11-28T20:28:50.465Z] [fetchUserInsights] Running analyst for owner 2... 
[2025-11-28T20:28:50.483Z] [fetchUserInsights] Analyst result: {"status":"skipped","totalTransactions":0,"analyzedTransactions":0,"insightsGenerated":0,"insightsSuperseded":0,"insightsUpdated":0,"newInsightsAvailable":false,"message":"No transactions available for analysis","cursor":null}
[2025-11-28T20:28:57.568Z] [fetchUserInsights] Running analyst for owner 2... 
[2025-11-28T20:28:57.577Z] [fetchUserInsights] Analyst result: {"status":"skipped","totalTransactions":0,"analyzedTransactions":0,"insightsGenerated":0,"insightsSuperseded":0,"insightsUpdated":0,"newInsightsAvailable":false,"message":"No transactions available for analysis","cursor":null}
[2025-11-28T20:29:27.817Z] processAgentMessage: runDevPipeline failed; transaction not persisted by Dev {"clientVersion":"6.18.0","name":"PrismaClientInitializationError"}
[2025-11-29T01:14:02.911Z] [fetchUserInsights] Running analyst for owner 9... 
[2025-11-29T01:14:05.561Z] [fetchUserInsights] Analyst result: {"status":"skipped","totalTransactions":0,"analyzedTransactions":0,"insightsGenerated":0,"insightsSuperseded":0,"insightsUpdated":0,"newInsightsAvailable":false,"message":"No transactions available for analysis","cursor":null}
[2025-11-29T01:14:35.769Z] [fetchUserInsights] Running analyst for owner 41... 
[2025-11-29T01:14:36.902Z] [fetchUserInsights] Analyst result: {"status":"skipped","totalTransactions":0,"analyzedTransactions":0,"insightsGenerated":0,"insightsSuperseded":0,"insightsUpdated":0,"newInsightsAvailable":false,"message":"No transactions available for analysis","cursor":null}
[2025-11-29T01:14:47.201Z] [fetchUserInsights] Running analyst for owner 516... 
[2025-11-29T01:14:47.856Z] [fetchUserInsights] Analyst result: {"status":"skipped","totalTransactions":0,"analyzedTransactions":0,"insightsGenerated":0,"insightsSuperseded":0,"insightsUpdated":0,"newInsightsAvailable":false,"message":"No transactions available for analysis","cursor":null}
[2025-11-29T01:15:05.726Z] [fetchUserInsights] Running analyst for owner 516... 
[2025-11-29T01:15:07.006Z] [fetchUserInsights] Analyst result: {"status":"skipped","totalTransactions":0,"analyzedTransactions":0,"insightsGenerated":0,"insightsSuperseded":0,"insightsUpdated":0,"newInsightsAvailable":false,"message":"No transactions available for analysis","cursor":null}
[2025-11-29T01:31:06.282Z] [fetchUserInsights] Running analyst for owner 53... 
[2025-11-29T01:31:09.972Z] [fetchUserInsights] Analyst result: {"status":"skipped","totalTransactions":0,"analyzedTransactions":0,"insightsGenerated":0,"insightsSuperseded":0,"insightsUpdated":0,"newInsightsAvailable":false,"message":"No transactions available for analysis","cursor":null}
[2025-11-29T01:31:19.814Z] [fetchUserInsights] Running analyst for owner 9... 
[2025-11-29T01:31:20.579Z] [fetchUserInsights] Analyst result: {"status":"skipped","totalTransactions":0,"analyzedTransactions":0,"insightsGenerated":0,"insightsSuperseded":0,"insightsUpdated":0,"newInsightsAvailable":false,"message":"No transactions available for analysis","cursor":null}
[2025-11-29T01:31:38.214Z] [fetchUserInsights] Running analyst for owner 9... 
[2025-11-29T01:31:39.306Z] [fetchUserInsights] Analyst result: {"status":"skipped","totalTransactions":0,"analyzedTransactions":0,"insightsGenerated":0,"insightsSuperseded":0,"insightsUpdated":0,"newInsightsAvailable":false,"message":"No transactions available for analysis","cursor":null}
[2025-11-29T01:41:29.331Z] [fetchUserInsights] Running analyst for owner 1... 
[2025-11-29T01:41:31.228Z] [fetchUserInsights] Analyst result: {"status":"skipped","totalTransactions":0,"analyzedTransactions":0,"insightsGenerated":0,"insightsSuperseded":0,"insightsUpdated":0,"newInsightsAvailable":false,"message":"No transactions available for analysis","cursor":null}
[2025-11-29T01:41:58.001Z] [fetchUserInsights] Running analyst for owner 8... 
[2025-11-29T01:41:59.296Z] [fetchUserInsights] Analyst result: {"status":"skipped","totalTransactions":0,"analyzedTransactions":0,"insightsGenerated":0,"insightsSuperseded":0,"insightsUpdated":0,"newInsightsAvailable":false,"message":"No transactions available for analysis","cursor":null}
[2025-11-29T01:42:10.735Z] [fetchUserInsights] Running analyst for owner 6... 
[2025-11-29T01:42:12.092Z] [fetchUserInsights] Analyst result: {"status":"skipped","totalTransactions":0,"analyzedTransactions":0,"insightsGenerated":0,"insightsSuperseded":0,"insightsUpdated":0,"newInsightsAvailable":false,"message":"No transactions available for analysis","cursor":null}
[2025-11-29T01:42:25.218Z] [fetchUserInsights] Running analyst for owner 1... 
[2025-11-29T01:42:26.019Z] [fetchUserInsights] Analyst result: {"status":"skipped","totalTransactions":0,"analyzedTransactions":0,"insightsGenerated":0,"insightsSuperseded":0,"insightsUpdated":0,"newInsightsAvailable":false,"message":"No transactions available for analysis","cursor":null}
[2025-11-29T01:47:05.827Z] [fetchUserInsights] Running analyst for owner 7832... 
[2025-11-29T01:47:09.460Z] [fetchUserInsights] Analyst result: {"status":"skipped","totalTransactions":0,"analyzedTransactions":0,"insightsGenerated":0,"insightsSuperseded":0,"insightsUpdated":0,"newInsightsAvailable":false,"message":"No transactions available for analysis","cursor":null}
[2025-11-29T01:47:41.036Z] [fetchUserInsights] Running analyst for owner 4... 
[2025-11-29T01:47:41.816Z] [fetchUserInsights] Analyst result: {"status":"skipped","totalTransactions":0,"analyzedTransactions":0,"insightsGenerated":0,"insightsSuperseded":0,"insightsUpdated":0,"newInsightsAvailable":false,"message":"No transactions available for analysis","cursor":null}
[2025-11-29T01:47:52.247Z] [fetchUserInsights] Running analyst for owner 19... 
[2025-11-29T01:47:53.901Z] [fetchUserInsights] Analyst result: {"status":"skipped","totalTransactions":0,"analyzedTransactions":0,"insightsGenerated":0,"insightsSuperseded":0,"insightsUpdated":0,"newInsightsAvailable":false,"message":"No transactions available for analysis","cursor":null}
[2025-11-29T01:48:07.927Z] [fetchUserInsights] Running analyst for owner 21167642... 
[2025-11-29T01:48:11.613Z] [fetchUserInsights] Analyst result: {"status":"skipped","totalTransactions":0,"analyzedTransactions":0,"insightsGenerated":0,"insightsSuperseded":0,"insightsUpdated":0,"newInsightsAvailable":false,"message":"No transactions available for analysis","cursor":null}
[2025-11-29T01:48:32.759Z] [fetchUserInsights] Running analyst for owner 21167642... 
[2025-11-29T01:48:34.696Z] [fetchUserInsights] Analyst result: {"status":"skipped","totalTransactions":0,"analyzedTransactions":0,"insightsGenerated":0,"insightsSuperseded":0,"insightsUpdated":0,"newInsightsAvailable":false,"message":"No transactions available for analysis","cursor":null}
[2025-11-29T01:56:04.608Z] [fetchUserInsights] Running analyst for owner 6043294... 
[2025-11-29T01:56:07.201Z] [fetchUserInsights] Analyst result: {"status":"skipped","totalTransactions":0,"analyzedTransactions":0,"insightsGenerated":0,"insightsSuperseded":0,"insightsUpdated":0,"newInsightsAvailable":false,"message":"No transactions available for analysis","cursor":null}
[2025-11-29T01:57:00.417Z] [fetchUserInsights] Running analyst for owner 24842... 
[2025-11-29T01:57:01.227Z] [fetchUserInsights] Analyst result: {"status":"skipped","totalTransactions":0,"analyzedTransactions":0,"insightsGenerated":0,"insightsSuperseded":0,"insightsUpdated":0,"newInsightsAvailable":false,"message":"No transactions available for analysis","cursor":null}
[2025-11-29T01:57:17.434Z] [fetchUserInsights] Running analyst for owner 0... 
[2025-11-29T01:57:18.355Z] [fetchUserInsights] Analyst result: {"status":"skipped","totalTransactions":0,"analyzedTransactions":0,"insightsGenerated":0,"insightsSuperseded":0,"insightsUpdated":0,"newInsightsAvailable":false,"message":"No transactions available for analysis","cursor":null}
[2025-11-29T01:57:36.461Z] [fetchUserInsights] Running analyst for owner 0... 
[2025-11-29T01:57:37.417Z] [fetchUserInsights] Analyst result: {"status":"skipped","totalTransactions":0,"analyzedTransactions":0,"insightsGenerated":0,"insightsSuperseded":0,"insightsUpdated":0,"newInsightsAvailable":false,"message":"No transactions available for analysis","cursor":null}
[2025-11-29T02:00:15.404Z] [fetchUserInsights] Running analyst for owner 0... 
[2025-11-29T02:00:16.405Z] [fetchUserInsights] Analyst result: {"status":"skipped","totalTransactions":0,"analyzedTransactions":0,"insightsGenerated":0,"insightsSuperseded":0,"insightsUpdated":0,"newInsightsAvailable":false,"message":"No transactions available for analysis","cursor":null}
[2025-11-29T02:00:44.864Z] [fetchUserInsights] Running analyst for owner 907273... 
[2025-11-29T02:00:45.492Z] [fetchUserInsights] Analyst result: {"status":"skipped","totalTransactions":0,"analyzedTransactions":0,"insightsGenerated":0,"insightsSuperseded":0,"insightsUpdated":0,"newInsightsAvailable":false,"message":"No transactions available for analysis","cursor":null}
[2025-11-29T02:01:17.204Z] [fetchUserInsights] Running analyst for owner 67... 
[2025-11-29T02:01:18.965Z] [fetchUserInsights] Analyst result: {"status":"skipped","totalTransactions":0,"analyzedTransactions":0,"insightsGenerated":0,"insightsSuperseded":0,"insightsUpdated":0,"newInsightsAvailable":false,"message":"No transactions available for analysis","cursor":null}
[2025-11-29T02:01:35.330Z] [fetchUserInsights] Running analyst for owner 74... 
[2025-11-29T02:01:36.191Z] [fetchUserInsights] Analyst result: {"status":"skipped","totalTransactions":0,"analyzedTransactions":0,"insightsGenerated":0,"insightsSuperseded":0,"insightsUpdated":0,"newInsightsAvailable":false,"message":"No transactions available for analysis","cursor":null}
[2025-11-29T02:09:09.258Z] fetchFinancialSummary: non-numeric userId, attempting DEV_USER_ID fallback {"userId":"d45bdf1a-01a4-47a2-b25c-1a35435d4174"}
[2025-11-29T02:09:09.258Z] fetchFinancialSummary: using DEV_USER_ID fallback {"ownerId":2}
[2025-11-29T02:09:46.670Z] fetchFinancialSummary: non-numeric userId, attempting DEV_USER_ID fallback {"userId":"cff357c5-af15-458c-96c1-4f026195b7a2"}
[2025-11-29T02:09:46.671Z] fetchFinancialSummary: using DEV_USER_ID fallback {"ownerId":2}
[2025-11-29T02:10:13.175Z] fetchFinancialSummary: non-numeric userId, attempting DEV_USER_ID fallback {"userId":"b917acc5-2dd2-4436-8f7c-859705706114"}
[2025-11-29T02:10:13.176Z] fetchFinancialSummary: using DEV_USER_ID fallback {"ownerId":2}
[2025-11-29T02:11:16.555Z] [fetchUserInsights] Running analyst for owner 0... 
[2025-11-29T02:11:18.731Z] [fetchUserInsights] Analyst result: {"status":"skipped","totalTransactions":0,"analyzedTransactions":0,"insightsGenerated":0,"insightsSuperseded":0,"insightsUpdated":0,"newInsightsAvailable":false,"message":"No transactions available for analysis","cursor":null}
[2025-11-29T02:11:40.277Z] fetchFinancialSummary: non-numeric userId, attempting DEV_USER_ID fallback {"userId":"a08f8093-4ff1-42ea-82d9-7be471543307"}
[2025-11-29T02:11:40.278Z] fetchFinancialSummary: using DEV_USER_ID fallback {"ownerId":2}
[2025-11-29T02:11:58.343Z] fetchFinancialSummary: non-numeric userId, attempting DEV_USER_ID fallback {"userId":"a08f8093-4ff1-42ea-82d9-7be471543307"}
[2025-11-29T02:11:58.343Z] fetchFinancialSummary: using DEV_USER_ID fallback {"ownerId":2}
[2025-11-29T02:15:47.508Z] [fetchUserInsights] Running analyst for owner 2... 
[2025-11-29T02:15:50.697Z] [fetchUserInsights] Analyst result: {"status":"skipped","totalTransactions":0,"analyzedTransactions":0,"insightsGenerated":0,"insightsSuperseded":0,"insightsUpdated":0,"newInsightsAvailable":false,"message":"No transactions available for analysis","cursor":null}
[2025-11-29T02:16:22.337Z] [fetchUserInsights] Running analyst for owner 2... 
[2025-11-29T02:16:23.266Z] [fetchUserInsights] Analyst result: {"status":"skipped","totalTransactions":0,"analyzedTransactions":0,"insightsGenerated":0,"insightsSuperseded":0,"insightsUpdated":0,"newInsightsAvailable":false,"message":"No transactions available for analysis","cursor":null}
[2025-11-29T02:16:58.980Z] [fetchUserInsights] Running analyst for owner 77... 
[2025-11-29T02:17:00.435Z] [fetchUserInsights] Analyst result: {"status":"skipped","totalTransactions":0,"analyzedTransactions":0,"insightsGenerated":0,"insightsSuperseded":0,"insightsUpdated":0,"newInsightsAvailable":false,"message":"No transactions available for analysis","cursor":null}
[2025-11-29T02:17:28.909Z] fetchFinancialSummary: non-numeric userId, attempting DEV_USER_ID fallback {"userId":"fdbbe458-33e4-494a-a123-323628f2bdff"}
[2025-11-29T02:17:28.910Z] fetchFinancialSummary: using DEV_USER_ID fallback {"ownerId":2}
[2025-11-29T02:18:22.309Z] [fetchUserInsights] Running analyst for owner 911293... 
[2025-11-29T02:18:23.273Z] [fetchUserInsights] Analyst result: {"status":"skipped","totalTransactions":0,"analyzedTransactions":0,"insightsGenerated":0,"insightsSuperseded":0,"insightsUpdated":0,"newInsightsAvailable":false,"message":"No transactions available for analysis","cursor":null}
[2025-11-29T02:18:44.650Z] [fetchUserInsights] Running analyst for owner 911293... 
[2025-11-29T02:18:45.698Z] [fetchUserInsights] Analyst result: {"status":"skipped","totalTransactions":0,"analyzedTransactions":0,"insightsGenerated":0,"insightsSuperseded":0,"insightsUpdated":0,"newInsightsAvailable":false,"message":"No transactions available for analysis","cursor":null}
